node.exe : FAIL 
tests/health.test.js
At line:1 char:1
+ & "C:\Program 
Files\nodejs/node.exe" 
"C:\Users\punee\npm-glo
bal/node_ ...
+ ~~~~~~~~~~~~~~~~~~~~~
~~~~~~~~~~~~~~~~~~~~~~~
~~~~~~~~~~~~~~~~~~~~~~~
~~
    + CategoryInfo     
         : NotSpecifi  
  ed: (FAIL tests/he   
 alth.test.js:Strin    
g) [], RemoteExcep    
tion
    + FullyQualifiedEr 
   rorId : NativeComm  
  andError
 
  Health Check API
    × GET /health - 
should return 200 OK 
(65 ms)

  ● Health Check API › 
GET /health - should 
return 200 OK

    expect(received).to
HaveProperty(path, 
value)

    Expected path: 
"status"

    Expected value: 
"ok"
    Received value: 
"OK"

       7 |         
const response = await 
request(app).get('/heal
th');
       8 |         expe
ct(response.statusCode)
.toBe(200);
    >  9 |         expe
ct(response.body).toHav
eProperty('status', 
'ok');
         |             
                  ^
      10 |     });
      11 | });
      12 |

      at 
Object.toHaveProperty (
tests/health.test.js:9:
31)

Test Suites: 1 failed, 
1 total
Tests:       1 failed, 
1 total
Snapshots:   0 total
Time:        3.895 s, 
estimated 4 s
Ran all test suites.
